
> glitzandglamourmvp@0.1.0 build
> next build

Γû▓ Next.js 16.1.1 (Turbopack)
- Environments: .env.local, .env

node.exe : ΓÜá The "middleware" file convention is 
deprecated. Please use "proxy" instead. Learn more: 
https://nextjs.org/docs/messages/middleware-to-proxy
At line:1 char:1
+ & "C:\Program Files\nodejs/node.exe" "C:\Program 
Files\nodejs/node_mo ...
+ ~~~~~~~~~~~~~~~~~~~~~~~~~~~~~~~~~~~~~~~~~~~~~~~~~~~~~~~~~~
~~~~~~~~~~~
    + CategoryInfo          : NotSpecified: (ΓÜá The "middl 
   e...leware-to-proxy:String) [], RemoteException
    + FullyQualifiedErrorId : NativeCommandError
 
  Creating an optimized production build ...
Γ£ô Compiled successfully in 4.8s
  Running TypeScript ...
  Collecting page data using 11 workers ...
  Generating static pages using 11 workers (0/55) ...
  Generating static pages using 11 workers (13/55) 
  Generating static pages using 11 workers (27/55) 
  Generating static pages using 11 workers (41/55) 
Γ£ô Generating static pages using 11 workers (55/55) in 919.0ms
  Finalizing page optimization ...

Route (app)
Γöî Γùï /
Γö£ Γùï /_not-found
Γö£ Γùï /admin
Γö£ Γùï /admin/bookings
Γö£ Γùï /admin/calendar
Γö£ Γùï /admin/chats
Γö£ Γùï /admin/customers
Γö£ Γùï /admin/gallery
Γö£ Γùï /admin/login
Γö£ Γùï /admin/manage
Γö£ Γùï /admin/notifications
Γö£ Γùï /admin/reviews
Γö£ Γùï /admin/slider
Γö£ ╞Æ /api/admin/analytics
Γö£ ╞Æ /api/admin/auth
Γö£ ╞Æ /api/admin/bookings
Γö£ ╞Æ /api/admin/chats
Γö£ ╞Æ /api/admin/customers
Γö£ ╞Æ /api/admin/customers/note-image
Γö£ ╞Æ /api/admin/gallery
Γö£ ╞Æ /api/admin/notifications
Γö£ ╞Æ /api/admin/services
Γö£ ╞Æ /api/admin/slider
Γö£ ╞Æ /api/admin/sync-reviews
Γö£ ╞Æ /api/apple-wallet
Γö£ ╞Æ /api/auth/[...nextauth]
Γö£ ╞Æ /api/auth/resend-verification
Γö£ ╞Æ /api/auth/signup
Γö£ ╞Æ /api/auth/verify-email
Γö£ ╞Æ /api/birthday-check
Γö£ ╞Æ /api/bookings
Γö£ ╞Æ /api/chat
Γö£ ╞Æ /api/contact
Γö£ ╞Æ /api/gallery
Γö£ ╞Æ /api/loyalty
Γö£ ╞Æ /api/noremail
Γö£ ╞Æ /api/profile
Γö£ ╞Æ /api/reviews
Γö£ ╞Æ /api/services
Γö£ ╞Æ /api/tasks
Γö£ ╞Æ /api/tasks/[id]
Γö£ ╞Æ /api/track
Γö£ ╞Æ /api/upload
Γö£ ╞Æ /api/wallet
Γö£ Γùï /book
Γö£ Γùï /card
Γö£ Γùï /gallery
Γö£ Γùï /icon.svg
Γö£ Γùï /noremail
Γö£ Γùï /policy
Γö£ Γùï /privacy
Γö£ Γùï /profile
Γö£ Γùï /reviews
Γö£ Γùï /robots.txt
Γö£ Γùï /services
Γö£ Γùï /sign-in
Γö£ Γùï /sitemap.xml
Γö£ Γùï /tasks
Γö£ Γùï /terms
Γöö Γùï /waiver


╞Æ Proxy (Middleware)

Γùï  (Static)   prerendered as static content
╞Æ  (Dynamic)  server-rendered on demand

